// Vitest Snapshot v1, https://vitest.dev/guide/snapshot.html

exports[`Details > renders correctly 1`] = `
<div>
  <section
    class="text-white-900 text-center md:text-left"
    data-testid="details"
  >
    <h2
      class="text-2xl font-semibold mb-6"
    >
      Weather Details
    </h2>
    <ul
      class="p-4 md:p-8 bg-black-200 rounded-lg grid grid-rows-3 md:grid-rows-2 grid-cols-2 md:grid-cols-3 gap-y-4 gap-x-6"
    >
      <li
        class=" text-center bg-black-100/50 p-4 md:p-6 rounded-lg"
      >
        <h3
          class="text-gray-500 text-lg mb-4"
        >
          Feels Like
        </h3>
        <p
          class="text-xl"
        >
          100Â°
        </p>
      </li>
      <li
        class=" text-center bg-black-100/50 p-4 md:p-6 rounded-lg"
      >
        <h3
          class="text-gray-500 text-lg mb-4"
        >
          Wind Speed
        </h3>
        <p
          class="text-xl"
        >
          10mph
        </p>
      </li>
      <li
        class=" text-center bg-black-100/50 p-4 md:p-6 rounded-lg"
      >
        <h3
          class="text-gray-500 text-lg mb-4"
        >
          Humidity
        </h3>
        <p
          class="text-xl"
        >
          100%
        </p>
      </li>
      <li
        class=" text-center bg-black-100/50 p-4 md:p-6 rounded-lg"
      >
        <h3
          class="text-gray-500 text-lg mb-4"
        >
          Visibility
        </h3>
        <p
          class="text-xl"
        >
          0.1 Km
        </p>
      </li>
      <li
        class=" text-center bg-black-100/50 p-4 md:p-6 rounded-lg"
      >
        <h3
          class="text-gray-500 text-lg mb-4"
        >
          Sunrise
        </h3>
        <p
          class="text-xl"
        >
          5:53 AM
        </p>
      </li>
      <li
        class=" text-center bg-black-100/50 p-4 md:p-6 rounded-lg"
      >
        <h3
          class="text-gray-500 text-lg mb-4"
        >
          Sunset
        </h3>
        <p
          class="text-xl"
        >
          8:10 PM
        </p>
      </li>
    </ul>
  </section>
</div>
`;
