// Vitest Snapshot v1, https://vitest.dev/guide/snapshot.html

exports[`SearchForm > renders default correctly 1`] = `
<div>
  <form
    class="w-full max-w-5xl mx-auto"
  >
    <label
      class="text-white-800 text-xs mb-2 block"
      for="zipCode"
    >
      Zip Code
    </label>
    <div
      class="relative mb-2"
    >
      <input
        class="bg-black-200 text-white-800 text-sm rounded-lg focus:ring-blue-500 focus:border-blue-500 block w-full ps-10 p-3"
        id="zipCode"
        name="zipCode"
        placeholder="Search city by zip code"
        type="text"
        value=""
      />
      <button
        aria-label="Submit zip code"
        class="text-white-800 absolute h-full aspect-square flex items-center justify-center top-0 disabled:opacity-50"
        type="submit"
      >
        <svg
          aria-hidden="true"
          class="w-4 h-4"
          fill="none"
          viewBox="0 0 20 20"
          xmlns="http://www.w3.org/2000/svg"
        >
          <path
            d="m19 19-4-4m0-7A7 7 0 1 1 1 8a7 7 0 0 1 14 0Z"
            stroke="currentColor"
            stroke-linecap="round"
            stroke-linejoin="round"
            stroke-width="2"
          />
        </svg>
      </button>
    </div>
    <div
      class="text-center md:flex md:justify-between w-full"
    >
      <small
        class="text-xs text-gray-600 block"
      >
        Format should be 5 digits (e.g. 10001)
      </small>
      <button
        class="text-xs text-blue-500 underline disabled:opacity-50"
        type="button"
      >
        Search current location
      </button>
    </div>
  </form>
</div>
`;
